
> task-manager-backend@1.0.0 test
> jest --coverage

  console.log
    === SIGNUP WELCOME EMAIL ===

      at log (controllers/authController.js:29:13)

  console.log
    User created: {
      id: new ObjectId("692b5e0a2e2a8a5504c755c7"),
      name: 'Test User',
      email: 'test@example.com'
    }

      at log (controllers/authController.js:30:13)

  console.log
    Attempting to send welcome email...

      at log (controllers/authController.js:31:13)

  console.log
    Γ£à Signup welcome email sent successfully to: test@example.com

      at log (controllers/authController.js:35:15)

node.exe : PASS tests
/unit/authController.
test.js
At line:1 char:1
+ & "C:\Program Files
\nodejs/node.exe" 
"C:\Program 
Files\nodejs/node_mo 
...
+ ~~~~~~~~~~~~~~~~~~~
~~~~~~~~~~~~~~~~~~~~~
~~~~~~~~~~~~~~~~~~~~~
~~~~~~~~
    + CategoryInfo   
           : NotSpe  
  cified: (PASS te   
 sts/unit/authCon    
troller.test.js:    
String) [], Remo    
teException
    + FullyQualified 
   ErrorId : Native  
  CommandError
 
  Auth Controller
    POST 
/api/auth/signup
      ΓêÜ should 
create a new user 
successfully (223 ms)
      ΓêÜ should 
return error if user 
already exists (12 
ms)
    POST 
/api/auth/login
      ΓêÜ should 
login user with 
valid credentials 
(29 ms)
      ΓêÜ should 
return error with 
invalid credentials 
(10 ms)

FAIL tests/integratio
n/tasks.test.js
  Task API 
Integration Tests
    GET /api/tasks
      ├ù should 
return all tasks for 
the company (71 ms)
      ├ù should 
filter tasks by 
status (14 ms)
    POST /api/tasks
      ├ù should 
create a new task 
(30 ms)
      ├ù should 
return error for 
invalid task data 
(12 ms)
    PUT 
/api/tasks/:id
      ├ù should 
update a task (21 ms)

  ΓùÅ Task API 
Integration Tests 
ΓÇ║ GET /api/tasks 
ΓÇ║ should return 
all tasks for the 
company

    expect(received).
toBe(expected) // 
Object.is equality

    Expected: 200
    Received: 401

    [0m [90m 68 
|[39m             
[36mconst[39m 
response [33m=[39m 
[36mawait[39m reque
st(app)[33m.[39m[3
6mget[39m([32m'/api
/tasks'[39m)[33m;[
39m
     [90m 69 |[39m
    [31m[1m>[22m[
39m[90m 70 |[39m   
          expect(resp
onse[33m.[39mstatus
)[33m.[39mtoBe([35
m200[39m)[33m;[39m
     [90m    |[39m 
                     
               
[31m[1m^[22m[39m
     [90m 71 |[39m 
            expect(re
sponse[33m.[39mbody
[33m.[39msuccess)[
33m.[39mtoBe([36mtr
ue[39m)[33m;[39m
     [90m 72 |[39m 
            expect(re
sponse[33m.[39mbody
[33m.[39mdata)[33m
.[39mtoHaveLength([
35m2[39m)[33m;[39m
     [90m 73 |[39m 
        
})[33m;[39m[0m

      at Object.toBe 
(tests/integration/ta
sks.test.js:70:37)

  ΓùÅ Task API 
Integration Tests 
ΓÇ║ GET /api/tasks 
ΓÇ║ should filter 
tasks by status

    expect(received).
toBe(expected) // 
Object.is equality

    Expected: 200
    Received: 401

    [0m [90m 84 
|[39m             
[36mconst[39m 
response [33m=[39m 
[36mawait[39m reque
st(app)[33m.[39m[3
6mget[39m([32m'/api
/tasks?status=complet
ed'[39m)[33m;[39m
     [90m 85 |[39m
    [31m[1m>[22m[
39m[90m 86 |[39m   
          expect(resp
onse[33m.[39mstatus
)[33m.[39mtoBe([35
m200[39m)[33m;[39m
     [90m    |[39m 
                     
               
[31m[1m^[22m[39m
     [90m 87 |[39m 
            expect([
33mTask[39m[33m.[3
9mfind)[33m.[39mtoH
aveBeenCalledWith(
     [90m 88 |[39m 
                expec
t[33m.[39mobjectCon
taining({ 
status[33m:[39m [3
2m'completed'[39m })
     [90m 89 |[39m 
            
)[33m;[39m[0m

      at Object.toBe 
(tests/integration/ta
sks.test.js:86:37)

  ΓùÅ Task API 
Integration Tests 
ΓÇ║ POST /api/tasks 
ΓÇ║ should create a 
new task

    expect(received).
toBe(expected) // 
Object.is equality

    Expected: 201
    Received: 401

    [0m [90m 135 
|[39m               
  [33m.[39msend(new
TaskData)[33m;[39m
     [90m 136 |[39m
    [31m[1m>[22m[
39m[90m 137 |[39m  
           expect(res
ponse[33m.[39mstatu
s)[33m.[39mtoBe([3
5m201[39m)[33m;[39
m
     [90m     
|[39m               
                     
 [31m[1m^[22m[39m
     [90m 138 
|[39m             ex
pect(response[33m.[
39mbody[33m.[39msuc
cess)[33m.[39mtoBe(
[36mtrue[39m)[33m;
[39m
     [90m 139 
|[39m             ex
pect(response[33m.[
39mbody[33m.[39mdat
a[33m.[39mtitle)[3
3m.[39mtoBe([32m'Ne
w Task'[39m)[33m;[
39m
     [90m 140 
|[39m         
})[33m;[39m[0m

      at Object.toBe 
(tests/integration/ta
sks.test.js:137:37)

  ΓùÅ Task API 
Integration Tests 
ΓÇ║ POST /api/tasks 
ΓÇ║ should return 
error for invalid 
task data

    expect(received).
toBe(expected) // 
Object.is equality

    Expected: 400
    Received: 401

    [0m [90m 148 
|[39m               
  })[33m;[39m
     [90m 149 |[39m
    [31m[1m>[22m[
39m[90m 150 |[39m  
           expect(res
ponse[33m.[39mstatu
s)[33m.[39mtoBe([3
5m400[39m)[33m;[39
m
     [90m     
|[39m               
                     
 [31m[1m^[22m[39m
     [90m 151 
|[39m             ex
pect(response[33m.[
39mbody[33m.[39msuc
cess)[33m.[39mtoBe(
[36mfalse[39m)[33m
;[39m
     [90m 152 
|[39m         
})[33m;[39m
     [90m 153 
|[39m     
})[33m;[39m[0m

      at Object.toBe 
(tests/integration/ta
sks.test.js:150:37)

  ΓùÅ Task API 
Integration Tests 
ΓÇ║ PUT 
/api/tasks/:id ΓÇ║ 
should update a task

    expect(received).
toBe(expected) // 
Object.is equality

    Expected: 200
    Received: 401

    [0m [90m 183 
|[39m               
  [33m.[39msend({ 
title[33m:[39m 
[32m'Updated Title'
[39m[33m,[39m 
status[33m:[39m [3
2m'completed'[39m 
})[33m;[39m
     [90m 184 |[39m
    [31m[1m>[22m[
39m[90m 185 |[39m  
           expect(res
ponse[33m.[39mstatu
s)[33m.[39mtoBe([3
5m200[39m)[33m;[39
m
     [90m     
|[39m               
                     
 [31m[1m^[22m[39m
     [90m 186 
|[39m             ex
pect(response[33m.[
39mbody[33m.[39msuc
cess)[33m.[39mtoBe(
[36mtrue[39m)[33m;
[39m
     [90m 187 
|[39m             ex
pect(response[33m.[
39mbody[33m.[39mdat
a[33m.[39mtitle)[3
3m.[39mtoBe([32m'Up
dated Title'[39m)[3
3m;[39m
     [90m 188 
|[39m         
})[33m;[39m[0m

      at Object.toBe 
(tests/integration/ta
sks.test.js:185:37)

----------------------------|---------|----------|---------|---------|-------------------------------------------
File                        | % Stmts | % Branch | % Funcs | % Lines | Uncovered Line #s                         
----------------------------|---------|----------|---------|---------|-------------------------------------------
All files                   |    7.61 |     3.54 |    3.57 |    7.83 |                                           
 controllers                |    5.03 |     3.98 |    3.84 |    5.17 |                                           
  analyticsController.js    |       0 |        0 |       0 |       0 | 1-243                                     
  authController.js         |   48.19 |       50 |   42.85 |   48.19 | 12,18,37-38,53-54,62,84,89,96-120,125-154 
  chatController.js         |       0 |        0 |       0 |       0 | 1-586                                     
  notificationController.js |       0 |        0 |       0 |       0 | 1-70                                      
  taskController.js         |       0 |        0 |       0 |       0 | 1-231                                     
  teamController.js         |       0 |        0 |       0 |       0 | 1-318                                     
  templateController.js     |       0 |        0 |       0 |       0 | 1-133                                     
  userController.js         |       0 |        0 |       0 |       0 | 1-90                                      
 middleware                 |   14.58 |     2.85 |    6.25 |   15.05 |                                           
  activityLogger.js         |       0 |        0 |       0 |       0 | 1-59                                      
  auth.js                   |      45 |    16.66 |   33.33 |      45 | 11-21,26-30                               
  cache.js                  |       0 |        0 |       0 |       0 | 1-101                                     
  rateLimiter.js            |     100 |      100 |     100 |     100 |                                           
 models                     |   26.88 |        0 |       0 |    28.4 |                                           
  ActivityLog.js            |       0 |      100 |     100 |       0 | 1-18                                      
  Message.js                |       0 |        0 |       0 |       0 | 1-118                                     
  Notification.js           |     100 |      100 |     100 |     100 |                                           
  Task.js                   |     100 |      100 |     100 |     100 |                                           
  TaskFile.js               |       0 |      100 |     100 |       0 | 1-11                                      
  TaskTemplate.js           |       0 |      100 |     100 |       0 | 1-18                                      
  User.js                   |   56.25 |        0 |       0 |      60 | 24-30,34                                  
 utils                      |       0 |        0 |       0 |       0 |                                           
  emailService.js           |       0 |        0 |       0 |       0 | 1-377                                     
----------------------------|---------|----------|---------|---------|-------------------------------------------
Test Suites: 1 
failed, 1 passed, 2 
total
Tests:       5 
failed, 4 passed, 9 
total
Snapshots:   0 total
Time:        6.636 s
Ran all test suites.
